// Jest Snapshot v1, https://goo.gl/fbAQLP

exports[`Index renders the html we want 1`] = `
<div
  className="container"
>
  <div
    className="menu__Wrapper-xmzi79-0 ZRMtO"
  >
    Menu
  </div>
  <main
    className="main"
  >
    <h1
      className="title"
    >
      Welcome to 
      <a
        href="https://nextjs.org"
      >
        Next.js!
      </a>
    </h1>
    <div>
      The best month is: 
      April
    </div>
    <div
      className="graphql"
    >
      You're signed in as 
      Baa
       and you're
       
      Healthy
      . Go to the
       
      <a
        href="/about"
        onClick={[Function]}
        onMouseEnter={[Function]}
      >
        about
      </a>
       
      page.
      <div>
        <input
          onChange={[Function]}
          placeholder="your new name..."
          type="text"
          value=""
        />
        <button
          onClick={[Function]}
          type="button"
        >
          Change
        </button>
      </div>
    </div>
    <p
      className="description"
    >
      Get started by editing
       
      <code
        className="code"
      >
        pages/index.js
      </code>
    </p>
    <div
      className="grid"
    >
      <a
        className="card"
        href="https://nextjs.org/docs"
      >
        <h3>
          Documentation →
        </h3>
        <p>
          Find in-depth information about Next.js features and API.
        </p>
      </a>
      <a
        className="card"
        href="https://nextjs.org/learn"
      >
        <h3>
          Learn →
        </h3>
        <p>
          Learn about Next.js in an interactive course with quizzes!
        </p>
      </a>
      <a
        className="card"
        href="https://github.com/vercel/next.js/tree/master/examples"
      >
        <h3>
          Examples →
        </h3>
        <p>
          Discover and deploy boilerplate example Next.js projects.
        </p>
      </a>
      <a
        className="card"
        href="https://vercel.com/new?utm_source=create-next-app&utm_medium=default-template&utm_campaign=create-next-app"
      >
        <h3>
          Deploy →
        </h3>
        <p>
          Instantly deploy your Next.js site to a public URL with Vercel.
        </p>
      </a>
    </div>
  </main>
  <footer
    className="footer"
  >
    <a
      href="https://vercel.com?utm_source=create-next-app&utm_medium=default-template&utm_campaign=create-next-app"
      rel="noopener noreferrer"
      target="_blank"
    >
      Powered by
       
      <img
        alt="Vercel Logo"
        className="logo"
        src="/vercel.svg"
      />
    </a>
  </footer>
</div>
`;
